<?xml version="1.0" encoding="UTF-8"?>
<TestRun id="34735fa3-fecf-4d6c-8ec8-22924a89f9d9" name="Administrator@DESIKAN 2012-08-14 18:09:58" runUser="DESIKAN\Administrator" xmlns="http://microsoft.com/schemas/VisualStudio/TeamTest/2010">
  <TestSettings name="Local" id="f2c4afc6-9382-4691-97df-b6f3a27b204c">
    <Description>These are default test settings for a local test run.</Description>
    <Deployment enabled="false" runDeploymentRoot="Administrator_DESIKAN 2012-08-14 18_09_58">
      <DeploymentItem filename="C:\Documents and Settings\Administrator\my documents\visual studio 2010\Projects\SudokuSolver\SudokuSolver\bin\Debug\SudokuSolver.dll" />
    </Deployment>
    <Execution>
      <TestTypeSpecific />
      <AgentRule name="Execution Agents">
      </AgentRule>
    </Execution>
  </TestSettings>
  <Times creation="2012-08-14T18:09:58.7187500+05:30" queuing="2012-08-14T18:09:59.3125000+05:30" start="2012-08-14T18:09:59.3125000+05:30" finish="2012-08-14T18:09:59.8593750+05:30" />
  <ResultSummary outcome="Failed">
    <Counters total="1" executed="1" error="0" failed="1" timeout="0" aborted="0" inconclusive="0" passedButRunAborted="0" notRunnable="0" notExecuted="0" disconnected="0" warning="0" passed="0" completed="0" inProgress="0" pending="0" />
  </ResultSummary>
  <TestDefinitions>
    <UnitTest name="TestSolve" storage="c:\documents and settings\administrator\my documents\visual studio 2010\projects\sudokusolver\sudokusolvertest\bin\debug\sudokusolvertest.dll" id="148ee9ca-84ae-922d-ee8d-c3c23005f153">
      <Execution id="940940c7-4d52-47eb-b5e0-aaa5fbd871c3" />
      <TestMethod codeBase="C:/Documents and Settings/Administrator/my documents/visual studio 2010/Projects/SudokuSolver/SudokuSolverTest/bin/Debug/SudokuSolverTest.DLL" adapterTypeName="Microsoft.VisualStudio.TestTools.TestTypes.Unit.UnitTestAdapter, Microsoft.VisualStudio.QualityTools.Tips.UnitTest.Adapter, Version=10.0.0.0, Culture=neutral, PublicKeyToken=b03f5f7f11d50a3a" className="SudokuSolverTest.SudokuTest, SudokuSolverTest, Version=1.0.0.0, Culture=neutral, PublicKeyToken=null" name="TestSolve" />
    </UnitTest>
  </TestDefinitions>
  <TestLists>
    <TestList name="Results Not in a List" id="8c84fa94-04c1-424b-9868-57a2d4851a1d" />
    <TestList name="All Loaded Results" id="19431567-8539-422a-85d7-44ee4e166bda" />
  </TestLists>
  <TestEntries>
    <TestEntry testId="148ee9ca-84ae-922d-ee8d-c3c23005f153" executionId="940940c7-4d52-47eb-b5e0-aaa5fbd871c3" testListId="8c84fa94-04c1-424b-9868-57a2d4851a1d" />
  </TestEntries>
  <Results>
    <UnitTestResult executionId="940940c7-4d52-47eb-b5e0-aaa5fbd871c3" testId="148ee9ca-84ae-922d-ee8d-c3c23005f153" testName="TestSolve" computerName="DESIKAN" duration="00:00:00.1135060" startTime="2012-08-14T18:09:59.3125000+05:30" endTime="2012-08-14T18:09:59.6406250+05:30" testType="13cdc9d9-ddb5-4fa4-a97d-d965ccfc6d4b" outcome="Failed" testListId="8c84fa94-04c1-424b-9868-57a2d4851a1d" relativeResultsDirectory="940940c7-4d52-47eb-b5e0-aaa5fbd871c3">
      <Output>
        <StdOut>i val : 0
i val : 1
i val : 2
i val : 3
in exlude rowwise for row 3
----------- Remove redundancy Postition of 7
169        4        12679        5        13689        13689        2789        2378        23689        
569        5679        3        68        689        2        789        1        4        
169        69        8        1346        13469        7        29        5        2369        
2        579        579        1378        135789        13589        4        6        3589        
3        5679        5679        4678        2456789        5689        2589        28        1        
5689        1        4        368        235689        35689        2589        238        7        
1456        2        156        9        15678        1568        3        478        58        
7        8        159        2        135        135        6        4        5        
156        356        156        13678        135678        4        12578        9        258        
removing 1
count of this position is : 3
169        4        12679        5        13689        13689        2789        2378        23689        
569        5679        3        68        689        2        789        1        4        
169        69        8        1346        13469        7        29        5        2369        
2        579        579        1378        135789        13589        4        6        3589        
3        5679        5679        4678        2456789        5689        2589        28        1        
5689        1        4        368        235689        35689        2589        238        7        
1456        2        156        9        15678        1568        3        478        58        
7        8        159        2        135        135        6        4        5        
156        356        156        13678        135678        4        12578        9        258        
removing 5
count of this position is : 3
----------- Remove redundancy Postition of 7
----------- Remove redundancy Postition of 7
----------- Remove redundancy Postition of 7
----------- Remove redundancy Postition of 7
----------- Remove redundancy Postition of 7</StdOut>
        <ErrorInfo>
          <Message>Test method SudokuSolverTest.SudokuTest.TestSolve threw exception: 
System.ArgumentOutOfRangeException: Index was out of range. Must be non-negative and less than the size of the collection.
Parameter name: index</Message>
          <StackTrace>    at System.ThrowHelper.ThrowArgumentOutOfRangeException()
   at System.Collections.Generic.List`1.get_Item(Int32 index)
   at Algorithms.Arrange.RemoveRedundency(List`1[][] matrix) in C:\Documents and Settings\Administrator\my documents\visual studio 2010\Projects\SudokuSolver\PileExclusionAlgorithm\Arrange.cs:line 143
   at Algorithms.Arrange.RedoPossibilityMatrix(List`1[][] matrix) in C:\Documents and Settings\Administrator\my documents\visual studio 2010\Projects\SudokuSolver\PileExclusionAlgorithm\Arrange.cs:line 96
   at Algorithms.PileExclusion.RunPileExclusion(List`1[][] nmatrix) in C:\Documents and Settings\Administrator\my documents\visual studio 2010\Projects\SudokuSolver\PileExclusionAlgorithm\PileExclusion.cs:line 49
   at SudokuSolver.Solver.Solve(Int32[][] matrix) in C:\Documents and Settings\Administrator\my documents\visual studio 2010\Projects\SudokuSolver\SudokuSolver\Solver.cs:line 22
   at SudokuSolverTest.SudokuTest.TestSolve() in C:\Documents and Settings\Administrator\my documents\visual studio 2010\Projects\SudokuSolver\SudokuSolverTest\SudokuTest.cs:line 37
</StackTrace>
        </ErrorInfo>
      </Output>
    </UnitTestResult>
  </Results>
</TestRun>