<?xml version="1.0" encoding="UTF-8"?>
<TestRun id="311fdb95-0cf4-437a-b289-39b4aeaa5243" name="Administrator@DESIKAN 2012-08-10 13:20:37" runUser="DESIKAN\Administrator" xmlns="http://microsoft.com/schemas/VisualStudio/TeamTest/2010">
  <TestSettings name="Local" id="f2c4afc6-9382-4691-97df-b6f3a27b204c">
    <Description>These are default test settings for a local test run.</Description>
    <Deployment enabled="false" runDeploymentRoot="Administrator_DESIKAN 2012-08-10 13_20_37">
      <DeploymentItem filename="C:\Documents and Settings\Administrator\my documents\visual studio 2010\Projects\SudokuSolver\SudokuSolver\bin\Debug\SudokuSolver.dll" />
    </Deployment>
    <Execution>
      <TestTypeSpecific />
      <AgentRule name="Execution Agents">
      </AgentRule>
    </Execution>
  </TestSettings>
  <Times creation="2012-08-10T13:20:37.0000000+05:30" queuing="2012-08-10T13:20:39.6250000+05:30" start="2012-08-10T13:20:39.7031250+05:30" finish="2012-08-10T13:20:40.2343750+05:30" />
  <ResultSummary outcome="Completed">
    <Counters total="1" executed="1" passed="1" error="0" failed="0" timeout="0" aborted="0" inconclusive="0" passedButRunAborted="0" notRunnable="0" notExecuted="0" disconnected="0" warning="0" completed="0" inProgress="0" pending="0" />
  </ResultSummary>
  <TestDefinitions>
    <UnitTest name="TestSolve" storage="c:\documents and settings\administrator\my documents\visual studio 2010\projects\sudokusolver\sudokusolvertest\bin\debug\sudokusolvertest.dll" id="148ee9ca-84ae-922d-ee8d-c3c23005f153">
      <Execution id="fe8a2f03-d172-43ef-be74-4e727a1570d3" />
      <TestMethod codeBase="C:/Documents and Settings/Administrator/my documents/visual studio 2010/Projects/SudokuSolver/SudokuSolverTest/bin/Debug/SudokuSolverTest.DLL" adapterTypeName="Microsoft.VisualStudio.TestTools.TestTypes.Unit.UnitTestAdapter, Microsoft.VisualStudio.QualityTools.Tips.UnitTest.Adapter, Version=10.0.0.0, Culture=neutral, PublicKeyToken=b03f5f7f11d50a3a" className="SudokuSolverTest.SudokuTest, SudokuSolverTest, Version=1.0.0.0, Culture=neutral, PublicKeyToken=null" name="TestSolve" />
    </UnitTest>
  </TestDefinitions>
  <TestLists>
    <TestList name="Results Not in a List" id="8c84fa94-04c1-424b-9868-57a2d4851a1d" />
    <TestList name="All Loaded Results" id="19431567-8539-422a-85d7-44ee4e166bda" />
  </TestLists>
  <TestEntries>
    <TestEntry testId="148ee9ca-84ae-922d-ee8d-c3c23005f153" executionId="fe8a2f03-d172-43ef-be74-4e727a1570d3" testListId="8c84fa94-04c1-424b-9868-57a2d4851a1d" />
  </TestEntries>
  <Results>
    <UnitTestResult executionId="fe8a2f03-d172-43ef-be74-4e727a1570d3" testId="148ee9ca-84ae-922d-ee8d-c3c23005f153" testName="TestSolve" computerName="DESIKAN" duration="00:00:00.1252363" startTime="2012-08-10T13:20:39.7187500+05:30" endTime="2012-08-10T13:20:40.2187500+05:30" testType="13cdc9d9-ddb5-4fa4-a97d-d965ccfc6d4b" outcome="Passed" testListId="8c84fa94-04c1-424b-9868-57a2d4851a1d" relativeResultsDirectory="fe8a2f03-d172-43ef-be74-4e727a1570d3">
      <Output>
        <StdOut>5        26        289        2369        23789        4        1679        3679        13679        
489        246        7        2369        2389        1        4569        3569        369        
49        1        3        5        79        679        2        679        8        
7        8        25        1        6        2379        579        3579        4        
6        9        145        3        347        37        57        8        2        
3        247        24        29        5        8        679        1        679        
2        3        6        7        139        5        8        4        19        
789        57        589        4        129        269        3        2679        1679        
1        347        49        8        239        2369        679        2679        5        
i val : 0
i val : 1
i val : 2
i val : 3
i val : 4
i val : 5
i val : 6
in exlude rowwise for row 6
i val : 6
in exlude rowwise for row 6
i val : 6
in exlude rowwise for row 6
i val : 6
in exlude rowwise for row 6
i val : 6
in exlude rowwise for row 6
i val : 6
in exlude rowwise for row 6
i val : 6
in exlude rowwise for row 6
i val : 6
in exlude rowwise for row 6
i val : 7
i val : 8
inside Exclude column wise 0
inside Exclude column wise 0
inside Exclude column wise 0
inside Exclude column wise 0
inside Exclude column wise 0
inside Exclude column wise 0
inside Exclude column wise 0
inside Exclude column wise 0
inside Exclude column wise 0
inside Exclude column wise 3
inside Exclude column wise 3
inside Exclude column wise 3
inside Exclude column wise 3
inside Exclude column wise 3
inside Exclude column wise 3
inside Exclude column wise 3
inside Exclude column wise 5
inside Exclude column wise 5
inside Exclude column wise 5
inside Exclude column wise 5
inside Exclude column wise 5
inside Exclude column wise 5
inside Exclude column wise 5
inside Exclude column wise 5
inside Exclude column wise 6
inside Exclude column wise 6
inside Exclude column wise 6
inside Exclude column wise 6
inside Exclude column wise 6
inside Exclude column wise 6
inside Exclude column wise 6
inside Exclude column wise 6
inside Exclude column wise 6
inside Exclude column wise 7
inside Exclude column wise 7
inside Exclude column wise 7
inside Exclude column wise 7
inside Exclude column wise 7
inside Exclude column wise 7
inside Exclude column wise 7
inside Exclude column wise 7
inside Exclude column wise 7
------- In Pair Elimination ---------------
remving 2
remving 2
remving 6
remving 6
remving 6
remving 2
remving 6
remving 9
remving 9
remving 9
remving 9
removing 2
removing 9
removing 7
inside getsegment... movearea, startrow, startcolm 300
inside getsegment... movearea, startrow, startcolm 300
inside getsegment... movearea, startrow, startcolm 303
inside getsegment... movearea, startrow, startcolm 306
inside getsegment... movearea, startrow, startcolm 300
inside getsegment... movearea, startrow, startcolm 300
inside getsegment... movearea, startrow, startcolm 303
inside getsegment... movearea, startrow, startcolm 306
inside getsegment... movearea, startrow, startcolm 303
inside getsegment... movearea, startrow, startcolm 330
inside getsegment... movearea, startrow, startcolm 336
inside getsegment... movearea, startrow, startcolm 336
inside getsegment... movearea, startrow, startcolm 363
inside getsegment... movearea, startrow, startcolm 366
inside getsegment... movearea, startrow, startcolm 360
inside getsegment... movearea, startrow, startcolm 360
inside getsegment... movearea, startrow, startcolm 363
inside getsegment... movearea, startrow, startcolm 360
inside getsegment... movearea, startrow, startcolm 366
inside getsegment... movearea, startrow, startcolm 300
inside getsegment... movearea, startrow, startcolm 300
inside getsegment... movearea, startrow, startcolm 303
inside getsegment... movearea, startrow, startcolm 306
inside getsegment... movearea, startrow, startcolm 300
inside getsegment... movearea, startrow, startcolm 300
inside getsegment... movearea, startrow, startcolm 303
inside getsegment... movearea, startrow, startcolm 306
inside getsegment... movearea, startrow, startcolm 303
inside getsegment... movearea, startrow, startcolm 330
inside getsegment... movearea, startrow, startcolm 336
inside getsegment... movearea, startrow, startcolm 336
inside getsegment... movearea, startrow, startcolm 363
inside getsegment... movearea, startrow, startcolm 366
inside getsegment... movearea, startrow, startcolm 360
inside getsegment... movearea, startrow, startcolm 360
inside getsegment... movearea, startrow, startcolm 363
inside getsegment... movearea, startrow, startcolm 360
inside getsegment... movearea, startrow, startcolm 366
5        26        89        26        38        4        1        79        379        
89        26        7        26        38        1        4        5        39        
4        1        3        5        7        9        2        6        8        
7        8        5        1        6        2        9        3        4        
6        9        1        3        4        7        5        8        2        
3        4        2        9        5        8        7        1        6        
2        3        6        7        19        5        8        4        19        
89        5        89        4        12        6        3        27        17        
1        7        4        8        29        3        6        29        5</StdOut>
      </Output>
    </UnitTestResult>
  </Results>
</TestRun>